[25-07-08 20:59:18] [INFO] 완전한 재현성 설정이 활성화되었습니다.
[25-07-08 20:59:18] [INFO] 🌱 Initial random seed set to 42
[25-07-08 20:59:18] [INFO] 💻 Using device: cuda
[25-07-08 20:59:18] [INFO] 📂 Data path: /root/dev/upstageailab-cv-classification-cv_1_fork/input/data
[25-07-08 20:59:18] [INFO] 📂 Total training samples: 1570
[25-07-08 20:59:18] [INFO] 📊 Class distribution: {0: 100, 1: 46, 2: 100, 3: 100, 4: 100, 5: 100, 6: 100, 7: 100, 8: 100, 9: 100, 10: 100, 11: 100, 12: 100, 13: 74, 14: 50, 15: 100, 16: 100}
[25-07-08 20:59:18] [INFO] 
🔄 Starting 5-Fold Cross Validation with 2 seeds...
[25-07-08 20:59:18] [INFO] 📂 Models will be saved to: ./models
[25-07-08 20:59:18] [INFO] 
================================================================================
[25-07-08 20:59:18] [INFO] 🌱 SEED 1/2: 42
[25-07-08 20:59:18] [INFO] ================================================================================
[25-07-08 20:59:18] [INFO] 완전한 재현성 설정이 활성화되었습니다.
[25-07-08 20:59:18] [INFO] 
============================================================
[25-07-08 20:59:18] [INFO] 🔥 SEED 42 | FOLD 1/5
[25-07-08 20:59:18] [INFO] ============================================================
[25-07-08 20:59:18] [INFO] 📚 Train samples: 1256
[25-07-08 20:59:18] [INFO] 📝 Validation samples: 314
[25-07-08 20:59:18] [INFO] 📸 Augraphy pipeline initialized
[25-07-08 20:59:18] [INFO] 📁 Seed 42 cache directory: /root/dev/upstageailab-cv-classification-cv_1_fork/input/data/train_cache/img320_seed42
[25-07-08 20:59:18] [INFO] 📈 Data augmented (원본 제외): 1256 → 3768 samples (증강 x3)
[25-07-08 20:59:18] [INFO] 📸 Augraphy pipeline initialized
[25-07-08 20:59:18] [INFO] 📁 Seed 42 cache directory: /root/dev/upstageailab-cv-classification-cv_1_fork/input/data/train_cache/img320_seed42
[25-07-08 20:59:18] [INFO] 📈 Data augmented (원본 제외): 314 → 942 samples (증강 x3)
[25-07-08 20:59:19] [INFO] 🏗️ Model: efficientnetv2_rw_m
[25-07-08 20:59:19] [INFO] 🔢 Number of parameters: 51,120,043
[25-07-08 20:59:19] [INFO] 🚀 Starting Seed 42 | Fold 1 training...
[25-07-08 20:59:19] [INFO] 
--- Seed 42 | Fold 1 | Epoch 1/1 ---
